// Jest Snapshot v1, https://goo.gl/fbAQLP

exports[`NewsArticle should match snapshot with all information passing in correctly 1`] = `
<section
  className="news-article"
>
  <img
    alt="Title"
    src={
      <img
        src="mockImage"
      />
    }
  />
  <h2>
    Title
  </h2>
  <h3>
    Blah to the Blah
  </h3>
  <a>
    Continue Reading Article
  </a>
</section>
`;
