// Jest Snapshot v1, https://goo.gl/fbAQLP

exports[`Menu should match snapshot with all information passing in correctly 1`] = `
<section
  className="menu"
>
  <button
    onClick={[Function]}
  >
    Local News
  </button>
  <button
    onClick={[Function]}
  >
    Technology
  </button>
  <button
    onClick={[Function]}
  >
    Entertainment
  </button>
  <button
    onClick={[Function]}
  >
    Science
  </button>
  <button
    onClick={[Function]}
  >
    Health
  </button>
</section>
`;
